// Jest Snapshot v1, https://goo.gl/fbAQLP

exports[`components BookList renders correctly 1`] = `
<div>
  <div
    className="mb-3 card"
  >
    <div
      className="card-header"
    >
      <h4
        className="d-inline-block"
      >
        Software
      </h4>
    </div>
    <ul
      className="list-unstyled mb-0"
    >
      <li
        className="book-list-item"
      >
        <div
          className="book"
        >
          <h5>
            Elegant Objects
          </h5>
          <span
            className="stars"
          >
            <span
              className="star"
              onClick={[Function]}
            >
              <svg
                fill="currentColor"
                height="1.5em"
                preserveAspectRatio="xMidYMid meet"
                style={
                  Object {
                    "color": undefined,
                    "verticalAlign": "middle",
                  }
                }
                viewBox="0 0 40 40"
                width="1.5em"
              >
                <g>
                  <path
                    d="m38.6 14.4q0 0.5-0.5 1.1l-8.1 7.9 1.9 11.2q0 0.1 0 0.4 0 0.5-0.2 0.8t-0.7 0.3q-0.4 0-0.9-0.2l-10-5.3-10 5.3q-0.5 0.2-0.9 0.2-0.5 0-0.7-0.3t-0.3-0.8q0-0.1 0.1-0.4l1.9-11.2-8.1-7.9q-0.6-0.6-0.6-1.1 0-0.8 1.3-1l11.2-1.6 5-10.2q0.4-0.9 1.1-0.9t1.1 0.9l5 10.2 11.2 1.6q1.2 0.2 1.2 1z"
                  />
                </g>
              </svg>
            </span>
            <span
              className="star"
              onClick={[Function]}
            >
              <svg
                fill="currentColor"
                height="1.5em"
                preserveAspectRatio="xMidYMid meet"
                style={
                  Object {
                    "color": undefined,
                    "verticalAlign": "middle",
                  }
                }
                viewBox="0 0 40 40"
                width="1.5em"
              >
                <g>
                  <path
                    d="m38.6 14.4q0 0.5-0.5 1.1l-8.1 7.9 1.9 11.2q0 0.1 0 0.4 0 0.5-0.2 0.8t-0.7 0.3q-0.4 0-0.9-0.2l-10-5.3-10 5.3q-0.5 0.2-0.9 0.2-0.5 0-0.7-0.3t-0.3-0.8q0-0.1 0.1-0.4l1.9-11.2-8.1-7.9q-0.6-0.6-0.6-1.1 0-0.8 1.3-1l11.2-1.6 5-10.2q0.4-0.9 1.1-0.9t1.1 0.9l5 10.2 11.2 1.6q1.2 0.2 1.2 1z"
                  />
                </g>
              </svg>
            </span>
            <span
              className="star"
              onClick={[Function]}
            >
              <svg
                fill="currentColor"
                height="1.5em"
                preserveAspectRatio="xMidYMid meet"
                style={
                  Object {
                    "color": undefined,
                    "verticalAlign": "middle",
                  }
                }
                viewBox="0 0 40 40"
                width="1.5em"
              >
                <g>
                  <path
                    d="m38.6 14.4q0 0.5-0.5 1.1l-8.1 7.9 1.9 11.2q0 0.1 0 0.4 0 0.5-0.2 0.8t-0.7 0.3q-0.4 0-0.9-0.2l-10-5.3-10 5.3q-0.5 0.2-0.9 0.2-0.5 0-0.7-0.3t-0.3-0.8q0-0.1 0.1-0.4l1.9-11.2-8.1-7.9q-0.6-0.6-0.6-1.1 0-0.8 1.3-1l11.2-1.6 5-10.2q0.4-0.9 1.1-0.9t1.1 0.9l5 10.2 11.2 1.6q1.2 0.2 1.2 1z"
                  />
                </g>
              </svg>
            </span>
            <span
              className="star"
              onClick={[Function]}
            >
              <svg
                fill="currentColor"
                height="1.5em"
                preserveAspectRatio="xMidYMid meet"
                style={
                  Object {
                    "color": undefined,
                    "verticalAlign": "middle",
                  }
                }
                viewBox="0 0 40 40"
                width="1.5em"
              >
                <g>
                  <path
                    d="m26.9 22.4l6.8-6.6-9.4-1.4-4.2-8.5-4.2 8.5-9.5 1.4 6.9 6.6-1.7 9.4 8.5-4.4 8.4 4.4z m11.7-8q0 0.5-0.5 1.1l-8.1 7.9 1.9 11.2q0 0.1 0 0.4 0 1.1-0.9 1.1-0.4 0-0.9-0.2l-10-5.3-10 5.3q-0.5 0.2-0.9 0.2-0.5 0-0.7-0.3t-0.3-0.8q0-0.1 0.1-0.4l1.9-11.2-8.1-7.9q-0.6-0.6-0.6-1.1 0-0.8 1.3-1l11.2-1.6 5-10.2q0.4-0.9 1.1-0.9t1.1 0.9l5 10.2 11.2 1.6q1.2 0.2 1.2 1z"
                  />
                </g>
              </svg>
            </span>
            <span
              className="star"
              onClick={[Function]}
            >
              <svg
                fill="currentColor"
                height="1.5em"
                preserveAspectRatio="xMidYMid meet"
                style={
                  Object {
                    "color": undefined,
                    "verticalAlign": "middle",
                  }
                }
                viewBox="0 0 40 40"
                width="1.5em"
              >
                <g>
                  <path
                    d="m26.9 22.4l6.8-6.6-9.4-1.4-4.2-8.5-4.2 8.5-9.5 1.4 6.9 6.6-1.7 9.4 8.5-4.4 8.4 4.4z m11.7-8q0 0.5-0.5 1.1l-8.1 7.9 1.9 11.2q0 0.1 0 0.4 0 1.1-0.9 1.1-0.4 0-0.9-0.2l-10-5.3-10 5.3q-0.5 0.2-0.9 0.2-0.5 0-0.7-0.3t-0.3-0.8q0-0.1 0.1-0.4l1.9-11.2-8.1-7.9q-0.6-0.6-0.6-1.1 0-0.8 1.3-1l11.2-1.6 5-10.2q0.4-0.9 1.1-0.9t1.1 0.9l5 10.2 11.2 1.6q1.2 0.2 1.2 1z"
                  />
                </g>
              </svg>
            </span>
          </span>
        </div>
      </li>
      <li
        className="book-list-item"
      >
        <div
          className="book"
        >
          <h5>
            Site reliability engineering
          </h5>
          <span
            className="stars"
          >
            <span
              className="star"
              onClick={[Function]}
            >
              <svg
                fill="currentColor"
                height="1.5em"
                preserveAspectRatio="xMidYMid meet"
                style={
                  Object {
                    "color": undefined,
                    "verticalAlign": "middle",
                  }
                }
                viewBox="0 0 40 40"
                width="1.5em"
              >
                <g>
                  <path
                    d="m38.6 14.4q0 0.5-0.5 1.1l-8.1 7.9 1.9 11.2q0 0.1 0 0.4 0 0.5-0.2 0.8t-0.7 0.3q-0.4 0-0.9-0.2l-10-5.3-10 5.3q-0.5 0.2-0.9 0.2-0.5 0-0.7-0.3t-0.3-0.8q0-0.1 0.1-0.4l1.9-11.2-8.1-7.9q-0.6-0.6-0.6-1.1 0-0.8 1.3-1l11.2-1.6 5-10.2q0.4-0.9 1.1-0.9t1.1 0.9l5 10.2 11.2 1.6q1.2 0.2 1.2 1z"
                  />
                </g>
              </svg>
            </span>
            <span
              className="star"
              onClick={[Function]}
            >
              <svg
                fill="currentColor"
                height="1.5em"
                preserveAspectRatio="xMidYMid meet"
                style={
                  Object {
                    "color": undefined,
                    "verticalAlign": "middle",
                  }
                }
                viewBox="0 0 40 40"
                width="1.5em"
              >
                <g>
                  <path
                    d="m38.6 14.4q0 0.5-0.5 1.1l-8.1 7.9 1.9 11.2q0 0.1 0 0.4 0 0.5-0.2 0.8t-0.7 0.3q-0.4 0-0.9-0.2l-10-5.3-10 5.3q-0.5 0.2-0.9 0.2-0.5 0-0.7-0.3t-0.3-0.8q0-0.1 0.1-0.4l1.9-11.2-8.1-7.9q-0.6-0.6-0.6-1.1 0-0.8 1.3-1l11.2-1.6 5-10.2q0.4-0.9 1.1-0.9t1.1 0.9l5 10.2 11.2 1.6q1.2 0.2 1.2 1z"
                  />
                </g>
              </svg>
            </span>
            <span
              className="star"
              onClick={[Function]}
            >
              <svg
                fill="currentColor"
                height="1.5em"
                preserveAspectRatio="xMidYMid meet"
                style={
                  Object {
                    "color": undefined,
                    "verticalAlign": "middle",
                  }
                }
                viewBox="0 0 40 40"
                width="1.5em"
              >
                <g>
                  <path
                    d="m38.6 14.4q0 0.5-0.5 1.1l-8.1 7.9 1.9 11.2q0 0.1 0 0.4 0 0.5-0.2 0.8t-0.7 0.3q-0.4 0-0.9-0.2l-10-5.3-10 5.3q-0.5 0.2-0.9 0.2-0.5 0-0.7-0.3t-0.3-0.8q0-0.1 0.1-0.4l1.9-11.2-8.1-7.9q-0.6-0.6-0.6-1.1 0-0.8 1.3-1l11.2-1.6 5-10.2q0.4-0.9 1.1-0.9t1.1 0.9l5 10.2 11.2 1.6q1.2 0.2 1.2 1z"
                  />
                </g>
              </svg>
            </span>
            <span
              className="star"
              onClick={[Function]}
            >
              <svg
                fill="currentColor"
                height="1.5em"
                preserveAspectRatio="xMidYMid meet"
                style={
                  Object {
                    "color": undefined,
                    "verticalAlign": "middle",
                  }
                }
                viewBox="0 0 40 40"
                width="1.5em"
              >
                <g>
                  <path
                    d="m38.6 14.4q0 0.5-0.5 1.1l-8.1 7.9 1.9 11.2q0 0.1 0 0.4 0 0.5-0.2 0.8t-0.7 0.3q-0.4 0-0.9-0.2l-10-5.3-10 5.3q-0.5 0.2-0.9 0.2-0.5 0-0.7-0.3t-0.3-0.8q0-0.1 0.1-0.4l1.9-11.2-8.1-7.9q-0.6-0.6-0.6-1.1 0-0.8 1.3-1l11.2-1.6 5-10.2q0.4-0.9 1.1-0.9t1.1 0.9l5 10.2 11.2 1.6q1.2 0.2 1.2 1z"
                  />
                </g>
              </svg>
            </span>
            <span
              className="star"
              onClick={[Function]}
            >
              <svg
                fill="currentColor"
                height="1.5em"
                preserveAspectRatio="xMidYMid meet"
                style={
                  Object {
                    "color": undefined,
                    "verticalAlign": "middle",
                  }
                }
                viewBox="0 0 40 40"
                width="1.5em"
              >
                <g>
                  <path
                    d="m26.9 22.4l6.8-6.6-9.4-1.4-4.2-8.5-4.2 8.5-9.5 1.4 6.9 6.6-1.7 9.4 8.5-4.4 8.4 4.4z m11.7-8q0 0.5-0.5 1.1l-8.1 7.9 1.9 11.2q0 0.1 0 0.4 0 1.1-0.9 1.1-0.4 0-0.9-0.2l-10-5.3-10 5.3q-0.5 0.2-0.9 0.2-0.5 0-0.7-0.3t-0.3-0.8q0-0.1 0.1-0.4l1.9-11.2-8.1-7.9q-0.6-0.6-0.6-1.1 0-0.8 1.3-1l11.2-1.6 5-10.2q0.4-0.9 1.1-0.9t1.1 0.9l5 10.2 11.2 1.6q1.2 0.2 1.2 1z"
                  />
                </g>
              </svg>
            </span>
          </span>
        </div>
      </li>
      <li
        className="book-list-item"
      >
        <div
          className="book"
        >
          <h5>
            The hard thing about hard things
          </h5>
          <span
            className="stars"
          >
            <span
              className="star"
              onClick={[Function]}
            >
              <svg
                fill="currentColor"
                height="1.5em"
                preserveAspectRatio="xMidYMid meet"
                style={
                  Object {
                    "color": undefined,
                    "verticalAlign": "middle",
                  }
                }
                viewBox="0 0 40 40"
                width="1.5em"
              >
                <g>
                  <path
                    d="m38.6 14.4q0 0.5-0.5 1.1l-8.1 7.9 1.9 11.2q0 0.1 0 0.4 0 0.5-0.2 0.8t-0.7 0.3q-0.4 0-0.9-0.2l-10-5.3-10 5.3q-0.5 0.2-0.9 0.2-0.5 0-0.7-0.3t-0.3-0.8q0-0.1 0.1-0.4l1.9-11.2-8.1-7.9q-0.6-0.6-0.6-1.1 0-0.8 1.3-1l11.2-1.6 5-10.2q0.4-0.9 1.1-0.9t1.1 0.9l5 10.2 11.2 1.6q1.2 0.2 1.2 1z"
                  />
                </g>
              </svg>
            </span>
            <span
              className="star"
              onClick={[Function]}
            >
              <svg
                fill="currentColor"
                height="1.5em"
                preserveAspectRatio="xMidYMid meet"
                style={
                  Object {
                    "color": undefined,
                    "verticalAlign": "middle",
                  }
                }
                viewBox="0 0 40 40"
                width="1.5em"
              >
                <g>
                  <path
                    d="m38.6 14.4q0 0.5-0.5 1.1l-8.1 7.9 1.9 11.2q0 0.1 0 0.4 0 0.5-0.2 0.8t-0.7 0.3q-0.4 0-0.9-0.2l-10-5.3-10 5.3q-0.5 0.2-0.9 0.2-0.5 0-0.7-0.3t-0.3-0.8q0-0.1 0.1-0.4l1.9-11.2-8.1-7.9q-0.6-0.6-0.6-1.1 0-0.8 1.3-1l11.2-1.6 5-10.2q0.4-0.9 1.1-0.9t1.1 0.9l5 10.2 11.2 1.6q1.2 0.2 1.2 1z"
                  />
                </g>
              </svg>
            </span>
            <span
              className="star"
              onClick={[Function]}
            >
              <svg
                fill="currentColor"
                height="1.5em"
                preserveAspectRatio="xMidYMid meet"
                style={
                  Object {
                    "color": undefined,
                    "verticalAlign": "middle",
                  }
                }
                viewBox="0 0 40 40"
                width="1.5em"
              >
                <g>
                  <path
                    d="m38.6 14.4q0 0.5-0.5 1.1l-8.1 7.9 1.9 11.2q0 0.1 0 0.4 0 0.5-0.2 0.8t-0.7 0.3q-0.4 0-0.9-0.2l-10-5.3-10 5.3q-0.5 0.2-0.9 0.2-0.5 0-0.7-0.3t-0.3-0.8q0-0.1 0.1-0.4l1.9-11.2-8.1-7.9q-0.6-0.6-0.6-1.1 0-0.8 1.3-1l11.2-1.6 5-10.2q0.4-0.9 1.1-0.9t1.1 0.9l5 10.2 11.2 1.6q1.2 0.2 1.2 1z"
                  />
                </g>
              </svg>
            </span>
            <span
              className="star"
              onClick={[Function]}
            >
              <svg
                fill="currentColor"
                height="1.5em"
                preserveAspectRatio="xMidYMid meet"
                style={
                  Object {
                    "color": undefined,
                    "verticalAlign": "middle",
                  }
                }
                viewBox="0 0 40 40"
                width="1.5em"
              >
                <g>
                  <path
                    d="m38.6 14.4q0 0.5-0.5 1.1l-8.1 7.9 1.9 11.2q0 0.1 0 0.4 0 0.5-0.2 0.8t-0.7 0.3q-0.4 0-0.9-0.2l-10-5.3-10 5.3q-0.5 0.2-0.9 0.2-0.5 0-0.7-0.3t-0.3-0.8q0-0.1 0.1-0.4l1.9-11.2-8.1-7.9q-0.6-0.6-0.6-1.1 0-0.8 1.3-1l11.2-1.6 5-10.2q0.4-0.9 1.1-0.9t1.1 0.9l5 10.2 11.2 1.6q1.2 0.2 1.2 1z"
                  />
                </g>
              </svg>
            </span>
            <span
              className="star"
              onClick={[Function]}
            >
              <svg
                fill="currentColor"
                height="1.5em"
                preserveAspectRatio="xMidYMid meet"
                style={
                  Object {
                    "color": undefined,
                    "verticalAlign": "middle",
                  }
                }
                viewBox="0 0 40 40"
                width="1.5em"
              >
                <g>
                  <path
                    d="m26.9 22.4l6.8-6.6-9.4-1.4-4.2-8.5-4.2 8.5-9.5 1.4 6.9 6.6-1.7 9.4 8.5-4.4 8.4 4.4z m11.7-8q0 0.5-0.5 1.1l-8.1 7.9 1.9 11.2q0 0.1 0 0.4 0 1.1-0.9 1.1-0.4 0-0.9-0.2l-10-5.3-10 5.3q-0.5 0.2-0.9 0.2-0.5 0-0.7-0.3t-0.3-0.8q0-0.1 0.1-0.4l1.9-11.2-8.1-7.9q-0.6-0.6-0.6-1.1 0-0.8 1.3-1l11.2-1.6 5-10.2q0.4-0.9 1.1-0.9t1.1 0.9l5 10.2 11.2 1.6q1.2 0.2 1.2 1z"
                  />
                </g>
              </svg>
            </span>
          </span>
        </div>
      </li>
    </ul>
  </div>
  <div
    className="mb-3 card"
  >
    <div
      className="card-header"
    >
      <h4
        className="d-inline-block"
      >
        History
      </h4>
    </div>
    <ul
      className="list-unstyled mb-0"
    >
      <li
        className="book-list-item"
      >
        <div
          className="book"
        >
          <h5>
            Genghis Khan and the making of the modern world
          </h5>
          <span
            className="stars"
          >
            <span
              className="star"
              onClick={[Function]}
            >
              <svg
                fill="currentColor"
                height="1.5em"
                preserveAspectRatio="xMidYMid meet"
                style={
                  Object {
                    "color": undefined,
                    "verticalAlign": "middle",
                  }
                }
                viewBox="0 0 40 40"
                width="1.5em"
              >
                <g>
                  <path
                    d="m38.6 14.4q0 0.5-0.5 1.1l-8.1 7.9 1.9 11.2q0 0.1 0 0.4 0 0.5-0.2 0.8t-0.7 0.3q-0.4 0-0.9-0.2l-10-5.3-10 5.3q-0.5 0.2-0.9 0.2-0.5 0-0.7-0.3t-0.3-0.8q0-0.1 0.1-0.4l1.9-11.2-8.1-7.9q-0.6-0.6-0.6-1.1 0-0.8 1.3-1l11.2-1.6 5-10.2q0.4-0.9 1.1-0.9t1.1 0.9l5 10.2 11.2 1.6q1.2 0.2 1.2 1z"
                  />
                </g>
              </svg>
            </span>
            <span
              className="star"
              onClick={[Function]}
            >
              <svg
                fill="currentColor"
                height="1.5em"
                preserveAspectRatio="xMidYMid meet"
                style={
                  Object {
                    "color": undefined,
                    "verticalAlign": "middle",
                  }
                }
                viewBox="0 0 40 40"
                width="1.5em"
              >
                <g>
                  <path
                    d="m38.6 14.4q0 0.5-0.5 1.1l-8.1 7.9 1.9 11.2q0 0.1 0 0.4 0 0.5-0.2 0.8t-0.7 0.3q-0.4 0-0.9-0.2l-10-5.3-10 5.3q-0.5 0.2-0.9 0.2-0.5 0-0.7-0.3t-0.3-0.8q0-0.1 0.1-0.4l1.9-11.2-8.1-7.9q-0.6-0.6-0.6-1.1 0-0.8 1.3-1l11.2-1.6 5-10.2q0.4-0.9 1.1-0.9t1.1 0.9l5 10.2 11.2 1.6q1.2 0.2 1.2 1z"
                  />
                </g>
              </svg>
            </span>
            <span
              className="star"
              onClick={[Function]}
            >
              <svg
                fill="currentColor"
                height="1.5em"
                preserveAspectRatio="xMidYMid meet"
                style={
                  Object {
                    "color": undefined,
                    "verticalAlign": "middle",
                  }
                }
                viewBox="0 0 40 40"
                width="1.5em"
              >
                <g>
                  <path
                    d="m38.6 14.4q0 0.5-0.5 1.1l-8.1 7.9 1.9 11.2q0 0.1 0 0.4 0 0.5-0.2 0.8t-0.7 0.3q-0.4 0-0.9-0.2l-10-5.3-10 5.3q-0.5 0.2-0.9 0.2-0.5 0-0.7-0.3t-0.3-0.8q0-0.1 0.1-0.4l1.9-11.2-8.1-7.9q-0.6-0.6-0.6-1.1 0-0.8 1.3-1l11.2-1.6 5-10.2q0.4-0.9 1.1-0.9t1.1 0.9l5 10.2 11.2 1.6q1.2 0.2 1.2 1z"
                  />
                </g>
              </svg>
            </span>
            <span
              className="star"
              onClick={[Function]}
            >
              <svg
                fill="currentColor"
                height="1.5em"
                preserveAspectRatio="xMidYMid meet"
                style={
                  Object {
                    "color": undefined,
                    "verticalAlign": "middle",
                  }
                }
                viewBox="0 0 40 40"
                width="1.5em"
              >
                <g>
                  <path
                    d="m26.9 22.4l6.8-6.6-9.4-1.4-4.2-8.5-4.2 8.5-9.5 1.4 6.9 6.6-1.7 9.4 8.5-4.4 8.4 4.4z m11.7-8q0 0.5-0.5 1.1l-8.1 7.9 1.9 11.2q0 0.1 0 0.4 0 1.1-0.9 1.1-0.4 0-0.9-0.2l-10-5.3-10 5.3q-0.5 0.2-0.9 0.2-0.5 0-0.7-0.3t-0.3-0.8q0-0.1 0.1-0.4l1.9-11.2-8.1-7.9q-0.6-0.6-0.6-1.1 0-0.8 1.3-1l11.2-1.6 5-10.2q0.4-0.9 1.1-0.9t1.1 0.9l5 10.2 11.2 1.6q1.2 0.2 1.2 1z"
                  />
                </g>
              </svg>
            </span>
            <span
              className="star"
              onClick={[Function]}
            >
              <svg
                fill="currentColor"
                height="1.5em"
                preserveAspectRatio="xMidYMid meet"
                style={
                  Object {
                    "color": undefined,
                    "verticalAlign": "middle",
                  }
                }
                viewBox="0 0 40 40"
                width="1.5em"
              >
                <g>
                  <path
                    d="m26.9 22.4l6.8-6.6-9.4-1.4-4.2-8.5-4.2 8.5-9.5 1.4 6.9 6.6-1.7 9.4 8.5-4.4 8.4 4.4z m11.7-8q0 0.5-0.5 1.1l-8.1 7.9 1.9 11.2q0 0.1 0 0.4 0 1.1-0.9 1.1-0.4 0-0.9-0.2l-10-5.3-10 5.3q-0.5 0.2-0.9 0.2-0.5 0-0.7-0.3t-0.3-0.8q0-0.1 0.1-0.4l1.9-11.2-8.1-7.9q-0.6-0.6-0.6-1.1 0-0.8 1.3-1l11.2-1.6 5-10.2q0.4-0.9 1.1-0.9t1.1 0.9l5 10.2 11.2 1.6q1.2 0.2 1.2 1z"
                  />
                </g>
              </svg>
            </span>
          </span>
        </div>
      </li>
    </ul>
  </div>
</div>
`;
