// Jest Snapshot v1, https://goo.gl/fbAQLP

exports[`selector selects the opened status 1`] = `
Array [
  Object {
    "count": 7,
    "year": 2016,
  },
  Object {
    "count": 1,
    "year": 2014,
  },
  Object {
    "count": 1,
    "year": 2013,
  },
  Object {
    "count": 1,
    "year": 2012,
  },
  Object {
    "count": 1,
    "year": 2010,
  },
]
`;
