// Jest Snapshot v1, https://goo.gl/fbAQLP

exports[`components Header renders correctly 1`] = `
<header
  className="mb-4"
>
  <nav
    className="navbar navbar-expand-sm navbar-dark bg-dark"
  >
    <a
      className="navbar-brand"
      href="/books"
      onClick={[Function]}
    >
      Shelf
    </a>
    <button
      aria-label="Toggle navigation"
      className="navbar-toggler"
      onClick={[Function]}
      type="button"
    >
      <span
        className="navbar-toggler-icon"
      />
    </button>
    <div
      className="collapse navbar-collapse"
      style={Object {}}
    >
      <ul
        className="ml-auto navbar-nav"
      >
        <form
          className="form-inline"
        >
          <input
            className="form-control"
            onChange={[Function]}
            type="text"
          />
        </form>
        <li
          className="nav-item"
        >
          <a
            className="nav-link"
            href="/login"
            onClick={[Function]}
          >
            Login
          </a>
        </li>
        <li
          className="nav-item"
        >
          <div
            className="nav-link"
            onClick={[Function]}
            role="link"
          >
            Logout
          </div>
        </li>
      </ul>
    </div>
  </nav>
</header>
`;
