// Jest Snapshot v1, https://goo.gl/fbAQLP

exports[`components Logout renders correctly 1`] = `
<li
  className="nav-link nav-item"
  onClick={[Function]}
  role="link"
>
  Logout
</li>
`;
