// Jest Snapshot v1, https://goo.gl/fbAQLP

exports[`modalSelector selects the modal 1`] = `
Object {
  "opened": false,
}
`;
