// Jest Snapshot v1, https://goo.gl/fbAQLP

exports[`authenticated selector selects the right field 1`] = `true`;
