// Jest Snapshot v1, https://goo.gl/fbAQLP

exports[`search reducer returns the initial state 1`] = `
Object {
  "entities": Object {
    "books": Object {},
  },
  "result": Array [],
}
`;
