// Jest Snapshot v1, https://goo.gl/fbAQLP

exports[`components FullStatusChecker does not blow up 1`] = `null`;
