// Jest Snapshot v1, https://goo.gl/fbAQLP

exports[`components App renders correctly 1`] = `
<BrowserRouter>
  <div>
    <Checks />
    <Header />
    <Content />
  </div>
</BrowserRouter>
`;
