// Jest Snapshot v1, https://goo.gl/fbAQLP

exports[`components CreateButton renders correctly 1`] = `
<span
  className="create-button"
>
  <button
    className="btn btn-success"
    onClick={[Function]}
    type={undefined}
  >
    <svg
      attr={
        Object {
          "viewBox": "0 0 448 512",
        }
      }
      className={undefined}
      fill="currentColor"
      height="1em"
      stroke="currentColor"
      strokeWidth="0"
      style={
        Object {
          "color": undefined,
        }
      }
      viewBox="0 0 448 512"
      width="1em"
    >
      <path
        d="M416 208H272V64c0-17.67-14.33-32-32-32h-32c-17.67 0-32 14.33-32 32v144H32c-17.67 0-32 14.33-32 32v32c0 17.67 14.33 32 32 32h144v144c0 17.67 14.33 32 32 32h32c17.67 0 32-14.33 32-32V304h144c17.67 0 32-14.33 32-32v-32c0-17.67-14.33-32-32-32z"
      />
    </svg>
    Add Book
  </button>
</span>
`;
